.next/types/validator.ts(999,31): error TS2344: Type 'typeof import("D:/QLPT/ql_tro/src/app/api/phong/[id]/thue/route")' does not satisfy the constraint 'RouteHandlerConfig<"/api/phong/[id]/thue">'.
  Types of property 'POST' are incompatible.
    Type '(req: NextRequest, { params }: { params: { id: string; }; }) => Promise<NextResponse<{ success: boolean; message: string; }>>' is not assignable to type '(request: NextRequest, context: { params: Promise<{ id: string; }>; }) => void | Response | Promise<void | Response>'.
      Types of parameters '__1' and 'context' are incompatible.
        Type '{ params: Promise<{ id: string; }>; }' is not assignable to type '{ params: { id: string; }; }'.
          Types of property 'params' are incompatible.
            Property 'id' is missing in type 'Promise<{ id: string; }>' but required in type '{ id: string; }'.
src/app/(dashboard)/dashboard/ho-so/page.tsx(464,33): error TS2339: Property 'hoatDongCuoi' does not exist on type 'UserProfile'.
src/app/(dashboard)/dashboard/ho-so/page.tsx(464,65): error TS2339: Property 'hoatDongCuoi' does not exist on type 'UserProfile'.
src/app/(dashboard)/dashboard/ho-so/page.tsx(631,68): error TS2339: Property 'hoatDongCuoi' does not exist on type 'UserProfile'.
src/app/(dashboard)/dashboard/ho-so/page.tsx(631,100): error TS2339: Property 'hoatDongCuoi' does not exist on type 'UserProfile'.
src/app/(dashboard)/dashboard/hop-dong/them-moi/page.tsx(165,38): error TS2339: Property 'ngayTinhTien' does not exist on type 'Phong'.
src/app/(dashboard)/dashboard/phong/page.tsx(857,26): error TS2339: Property 'ngayTinhTien' does not exist on type 'Phong'.
src/app/(dashboard)/dashboard/phong/page.tsx(943,29): error TS2339: Property 'ngayTinhTien' does not exist on type 'Phong'.
src/app/(dashboard)/dashboard/zalo/page.tsx(781,42): error TS2339: Property '_source' does not exist on type '{ ownId: string; name: string; phone?: string | undefined; proxy?: string | undefined; loggedIn: boolean; loginTime: number; }'.
src/app/(dashboard)/dashboard/zalo/page.tsx(3969,45): error TS2322: Type '(silent?: boolean) => Promise<void>' is not assignable to type 'MouseEventHandler<HTMLButtonElement>'.
  Types of parameters 'silent' and 'event' are incompatible.
    Type 'MouseEvent<HTMLButtonElement, MouseEvent>' is not assignable to type 'boolean | undefined'.
src/app/(dashboard)/layout.tsx(386,42): error TS2304: Cannot find name 'router'.
src/app/api/admin/zalo-direct/route.ts(62,13): error TS2353: Object literal may only specify known properties, and 'toaNhaSoHuu' does not exist in type 'NguoiDungSelect<DefaultArgs>'.
src/app/api/admin/zalo-direct/route.ts(70,13): error TS2353: Object literal may only specify known properties, and 'phong' does not exist in type 'KhachThueSelect<DefaultArgs>'.
src/app/api/admin/zalo-direct/route.ts(80,27): error TS2339: Property 'toaNhaSoHuu' does not exist on type '{ id: string; ten: string; email: string | null; matKhau: string; soDienThoai: string | null; vaiTro: string; anhDaiDien: string | null; trangThai: string; zaloChatId: string | null; zaloChatIds: JsonValue; ... 11 more ...; ngayCapNhat: Date; }'.
src/app/api/admin/zalo-direct/route.ts(80,61): error TS2339: Property 'quanLyToaNha' does not exist on type '{ id: string; ten: string; email: string | null; matKhau: string; soDienThoai: string | null; vaiTro: string; anhDaiDien: string | null; trangThai: string; zaloChatId: string | null; zaloChatIds: JsonValue; ... 11 more ...; ngayCapNhat: Date; }'.
src/app/api/admin/zalo-direct/route.ts(90,22): error TS2339: Property 'phong' does not exist on type '{ id: string; email: string | null; matKhau: string | null; soDienThoai: string | null; trangThai: string; zaloChatId: string | null; zaloChatIds: JsonValue; pendingZaloChatId: string | null; ... 11 more ...; batDangNhapWeb: boolean; }'.
src/app/api/toa-nha/[id]/route.ts(125,5): error TS2304: Cannot find name 'sseEmit'.
src/app/api/toa-nha/[id]/route.ts(194,5): error TS2304: Cannot find name 'sseEmit'.
src/app/api/upload/route.ts(234,26): error TS2322: Type 'Buffer<ArrayBufferLike>' is not assignable to type 'BlobPart'.
  Type 'Buffer<ArrayBufferLike>' is not assignable to type 'ArrayBufferView<ArrayBuffer>'.
    Types of property 'buffer' are incompatible.
      Type 'ArrayBufferLike' is not assignable to type 'ArrayBuffer'.
        Type 'SharedArrayBuffer' is missing the following properties from type 'ArrayBuffer': resizable, resize, detached, transfer, transferToFixedLength
src/app/api/zalo/debug/route.ts(91,18): error TS2345: Argument of type '{ id: string; chatId: string; ownId: string | null; displayName: string | null; content: string; attachmentUrl: string | null; role: string; eventName: string | null; rawPayload: JsonValue | null; createdAt: Date; }' is not assignable to parameter of type 'ZaloMessageEvent'.
  Types of property 'eventName' are incompatible.
    Type 'string | null' is not assignable to type 'string'.
      Type 'null' is not assignable to type 'string'.
src/app/api/zalo/messages/reply/route.ts(72,18): error TS2345: Argument of type '{ id: string; chatId: string; ownId: string | null; displayName: string | null; content: string; attachmentUrl: string | null; role: string; eventName: string | null; rawPayload: JsonValue | null; createdAt: Date; }' is not assignable to parameter of type 'ZaloMessageEvent'.
  Types of property 'eventName' are incompatible.
    Type 'string | null' is not assignable to type 'string'.
      Type 'null' is not assignable to type 'string'.
src/app/api/zalo/messages/stream/route.ts(70,32): error TS2339: Property 'ownId' does not exist on type 'ZaloMessageEvent'.
src/app/api/zalo/messages/stream/route.ts(70,45): error TS2339: Property 'ownId' does not exist on type 'ZaloMessageEvent'.
src/lib/repositories/pg/thanh-toan.ts(55,15): error TS2339: Property 'hoaDonId' does not exist on type 'QueryOptions & { toaNhaIds?: string[] | undefined; }'.
src/lib/repositories/pg/thanh-toan.ts(55,48): error TS2339: Property 'hoaDonId' does not exist on type 'QueryOptions & { toaNhaIds?: string[] | undefined; }'.
src/lib/storage.ts(67,37): error TS2304: Cannot find name 'buildFolderPath'.
